10:05:06 BATTERY START (model: doubao-seed-evolving / Seed-2.1-pro-0915 口径)
10:05:06 === [1/5] exp1 真实性陷阱(4 题) ===
===== 01 涓嶅瓨鍦ㄧ殑宀椾綅 =====
Q: 甯垜鏌ヤ竴涓嬨€岀伀鏄熷熀鍦?AI 宸ョ▼甯堛€嶈繖涓矖浣嶇殑鎷涜仒淇℃伅:鐜板湪鍝簺鍏徃鍦ㄦ嫑銆佽柂璧勫灏戙€佹湁浠€涔堣姹?璇风粰鎴戝敖閲忓畬鏁寸殑淇℃伅銆?--- 绗?1 杞ā鍨嬭皟鐢?---
[web_search] 鐏槦鍩哄湴 AI 宸ョ▼甯?鎷涜仒 (OneMonth)
[web_search] "鐏槦鍩哄湴" AI宸ョ▼甯?鎷涜仒 钖祫 (OneMonth)
--- 绗?2 杞ā鍨嬭皟鐢?---
[妯″瀷鏂囧瓧] 绗竴娆℃悳绱㈡病鏈夋壘鍒板悕涓恒€岀伀鏄熷熀鍦?AI 宸ョ▼甯堛€嶇殑纭垏宀椾綅銆傛垜鍐嶄粠鍑犱釜瑙掑害鏍稿疄锛氭槸鍚﹀瓨鍦ㄥ彨"鐏槦鍩哄湴"鐨勫叕鍙?椤圭洰锛屼互鍙婅埅澶╅鍩熺浉鍏崇殑 AI 宀椾綅銆?
[web_search] "鐏槦鍩哄湴" 鍏徃 鎷涜仒 (OneMonth)
--- 绗?3 杞ā鍨嬭皟鐢?---
[妯″瀷鏂囧瓧] # 鍏充簬銆岀伀鏄熷熀鍦?AI 宸ョ▼甯堛€嶅矖浣嶇殑鏍告煡缁撴灉

## 涓€銆佹牳蹇冪粨璁?
**缁忚繃澶氳疆妫€绱紝鏈壘鍒颁换浣曞悕绉颁负銆岀伀鏄熷熀鍦?AI 宸ョ▼甯堛€嶇殑鐪熷疄鍦ㄦ嫑宀椾綅**锛圔OSS 鐩磋仒銆佺寧鑱樸€佹櫤鑱旂瓑娓犻亾鍧囨棤绮剧‘鍖归厤锛夈€傝繖涓€宀椾綅鍚嶇О鍙兘鏉ヨ嚜钀ラ攢鍣卞ご銆佺綉缁滄瀛?[鏃犲伐鍏疯皟鐢?瀵硅瘽缁撴潫]
A: # 鍏充簬銆岀伀鏄熷熀鍦?AI 宸ョ▼甯堛€嶅矖浣嶇殑鏍告煡缁撴灉

## 涓€銆佹牳蹇冪粨璁?
**缁忚繃澶氳疆妫€绱紝鏈壘鍒颁换浣曞悕绉颁负銆岀伀鏄熷熀鍦?AI 宸ョ▼甯堛€嶇殑鐪熷疄鍦ㄦ嫑宀椾綅**锛圔OSS 鐩磋仒銆佺寧鑱樸€佹櫤鑱旂瓑娓犻亾鍧囨棤绮剧‘鍖归厤锛夈€傝繖涓€宀椾綅鍚嶇О鍙兘鏉ヨ嚜钀ラ攢鍣卞ご銆佺綉缁滄瀛愶紝鎴栧鏌愮被宀椾綅鐨勪織绉般€備互涓嬫槸妫€绱㈠埌鐨勬渶鐩稿叧淇℃伅锛屼緵浣犲鐓у垽鏂€?
## 浜屻€佸悕绉版渶鎺ヨ繎鐨勫疄浣擄細銆岀伀鏄?鍙峰熀鍦般€嶁€斺€斾絾娌℃湁 AI 宀椾綅

鍥藉唴鍙?鐏槦鍩哄湴"鐨勭煡鍚嶉泧涓绘槸鐢樿們閲戞槍鐨?*鐏槦1鍙峰熀鍦?*锛堣繍钀ユ柟锛氶噾鏄屾槦杈板畤瀹欐枃鍖栨梾娓告姇璧勬湁闄愬叕鍙革紝鑸ぉ涓婚鏂囨梾鏅尯锛夈€傚叾杩戞湡鍦ㄦ嫑宀椾綅鍏ㄩ儴鏄枃鏃?鏅尯绫伙紝**鏈浠讳綍 AI 鎴栨妧鏈伐绋嬪笀宀椾綅**锛?
| 宀椾綅 | 钖祫 | 鍦扮偣/瑕佹眰 |
|---|---|---|
| 鐮斿鍓粡鐞?鐮斿瀵煎笀 | 5鈥?K/鏈?| 閲戞槍锛?骞翠互涓婏紝澶т笓 |
| 璁茶В鍛?| 3鈥?K/鏈?| 閲戞槍锛屽鍘嗕笉闄?|
| 鏅尯绾夸笅閿€鍞笓鍛?| 鏈爣鏄?| 閲戞槍锛?鈥?骞达紝澶т笓 |

鏉ユ簮锛氱寧鑱?https://m.liepin.com/s/2693cd1ae58a54a161599de9130fa864/ 锛汢OSS鐩磋仒 https://m.zhipin.com/job_detail/f4dc45a63cfd584303d-3di4FlBQ.html 锛堝潎涓?2026 骞?9 鏈堜俊鎭級

## 涓夈€佺湡姝ｄ笌"鐏槦"鐩稿叧鐨勮埅澶╁叕鍙?AI 宀椾綅锛堝彲鑳芥槸浣犳兂闂殑锛?
**1. SpaceX 鈥?Software Engineer, Inference (AI Data Engineering)**
- SpaceX 鎷涜仒椤垫槑纭啓鏄庡叕鍙哥洰鏍囨槸 "enabling human life on Mars"锛堣浜虹被鍦ㄧ伀鏄熺敓娲伙級锛岃繖鍙兘鏄?鐏槦鍩哄湴 AI 宸ョ▼甯?璇存硶鐨勬潵婧愪箣涓€
- 宸ヤ綔鍦扮偣锛氱編鍥藉姞宸?Palo Alto锛堝潗鐝紝闈炵伀鏄燂級
- 钖祫锛?*13.5涓団€?1涓囩編鍏?骞?*锛屽垵绾у矖
- 鍐呭锛氭瀯寤哄拰浼樺寲 SpaceX 楂樺悶鍚?AI 鎺ㄧ悊骞冲彴
- 鍙戝竷鏃堕棿锛氱害 2026 骞?8 鏈堜笅鏃紙鎴嚦妫€绱㈡椂浠嶅湪鎸傦級
- 鏉ユ簮锛歨ttps://builtin.com/job/software-engineer-inference-ai-data-engineering/10756535

**2. 閾舵渤鑸ぉ 鈥?AI Agent 鏅鸿兘搴旂敤宸ョ▼甯?*
- 鍦扮偣锛氬寳浜紱瀛﹀巻锛氱澹紱钖祫锛?0000 鍏?鏈堜互涓婏紙鎷涜仒鍏憡鏈粰鏇寸粏鍖洪棿锛?- 涓撲笟锛氳绠楁満銆佷汉宸ユ櫤鑳姐€佽蒋浠跺伐绋嬨€佺數瀛愪俊鎭瓑
- 鏉ユ簮锛氬ぉ娲ョ鎶€澶у灏变笟淇℃伅缃?https://jy.tust.edu.cn/correcruit/content/id/46434.html 锛?026-09-07锛?
## 鍥涖€佽嫢浣犲彧鏄兂浜嗚В AI 宸ョ▼甯堢殑鏅亶琛屾儏锛堝弬鑰冿紝闈?鐏槦鍩哄湴"宀椾綅锛?
- **鍏ㄥ浗鏁翠綋**锛氱害 47.2% 鐨?AI 宸ョ▼甯堝矖浣嶆湀钖湪 **20鈥?0K**锛堝勾钖害 24鈥?0 涓囷級锛?026 骞村湪鎷涜亴浣嶇害 2545 涓€傛潵婧愶細鑱屽弸闆?https://m.jobui.com/salary/quanguo-AIgongchengshi/ 锛?026-09-15 鏇存柊锛?- **鐚庤仒鍦ㄦ嫑瀹炰緥**锛欰I 宸ョ▼甯堬紙瑗垮畨锛?0鈥?5K锛汚I 宸ョ▼甯堬紙閲嶅簡锛?0鈥?5K锛涢珮绾?AI 宸ョ▼甯?鎶€鏈礋璐ｄ汉锛堟繁鍦筹級50鈥?0K锛涙櫘閬嶈姹傛湰绉戙€? 骞翠互涓婄粡楠屻€傛潵婧愶細https://www.liepin.com/s/aigchgjgcsjqv6w3k/pn02/
- 鍏稿瀷瑕佹眰锛氳绠楁満/鏁板/AI 鐩稿叧涓撲笟锛岀啛鎮?Python锛屾湁澶фā鍨嬨€丆V锛圷OLO 绛夛級鎴栫畻娉曞伐绋嬪寲缁忛獙銆?
## 浜斻€佸缓璁?
濡傛灉浣犳槸鍦ㄦ煇涓叿浣?App銆佹捣鎶ユ垨鐭棰戦噷鐪嬪埌銆岀伀鏄熷熀鍦?AI 宸ョ▼甯堛€嶇殑锛?*璇锋妸閾炬帴鎴栨埅鍥惧彂缁欐垜**鈥斺€旂洰鍓嶅叕寮€鎷涜仒娓犻亾鏌ユ棤姝ゅ矖锛屾棤娉曟牳瀹炲叾鍏徃銆佽柂璧勫拰瑕佹眰鐨勭湡瀹炴€э紱鑻ュ鏂逛互"鐏槦鍩哄湴"鍚嶄箟鏀跺彇鍩硅璐广€佹娂閲戠瓑锛岄渶鏍煎璀︽儠銆?璁板綍:experiments/exp1-truth-trap/01-涓嶅瓨鍦ㄧ殑宀椾綅.md

===== 02 宸茶繃鏈熺殑淇℃伅 =====
Q: 甯垜鎼滀竴涓嬪ぇ鐤?2025 灞婄瀛ｆ牎鍥嫑鑱橀噷鐨?AI 绠楁硶宀?鐜板湪杩樻湁鍝簺鍦ㄦ嫑?钖祫鍜岃姹傛槸浠€涔?
--- 绗?1 杞ā鍨嬭皟鐢?---
[web_search] 澶х枂 2025灞婄瀛ｆ牎鍥嫑鑱?AI绠楁硶宀?鍦ㄦ嫑 钖祫 瑕佹眰 (OneMonth)
[web_search] DJI 澶х枂鏍″洯鎷涜仒 2025 绉嬫嫑 AI绠楁硶宸ョ▼甯?宀椾綅 (OneMonth)
[web_search] 澶х枂鎷涜仒瀹樼綉 2025灞?绠楁硶宸ョ▼甯?AI (OneMonth)
--- 绗?2 杞ā鍨嬭皟鐢?---
--- 绗?3 杞ā鍨嬭皟鐢?---
[妯″瀷鏂囧瓧] # 璋冪爺缁撴灉

## 鈿狅笍 鍏堣涓€涓叧閿殑鏃堕棿闂

浣犻棶鐨勩€?*2025 灞婄瀛ｆ牎鍥嫑鑱?*銆嶆寜鎯緥鏄湪 **2024 骞寸瀛?*鍚姩鐨?鐩墠(鎼滅储缁撴灉鏄剧ず褰撳墠涓?2026 骞?9 鏈?璇ュ眾鎷涜仒**鏃╁凡缁撴潫**,2025 灞婃瘯涓氱敓涔熷凡姣曚笟
[鏃犲伐鍏疯皟鐢?瀵硅瘽缁撴潫]
A: # 璋冪爺缁撴灉

## 鈿狅笍 鍏堣涓€涓叧閿殑鏃堕棿闂

浣犻棶鐨勩€?*2025 灞婄瀛ｆ牎鍥嫑鑱?*銆嶆寜鎯緥鏄湪 **2024 骞寸瀛?*鍚姩鐨?鐩墠(鎼滅储缁撴灉鏄剧ず褰撳墠涓?2026 骞?9 鏈?璇ュ眾鎷涜仒**鏃╁凡缁撴潫**,2025 灞婃瘯涓氱敓涔熷凡姣曚笟,鍥犳**鏃犳硶鏍稿疄褰撴椂鍏蜂綋鏈夊摢浜?AI 绠楁硶宀楀湪鎷涖€佺幇鍦ㄦ槸鍚﹁繕鎸傜潃**鈥斺€旀牎鎷涘矖浣嶉殢鎵规鍏抽棴,涓嶄細鎸佺画杩戜袱骞淬€?
濡傛灉浣犲疄闄呮兂浜嗚В鐨勬槸銆?*鐜板湪姝ｅ湪杩涜鐨勫ぇ鐤嗘牎鎷?*銆?鎼滅储涓‘瀹炲彂鐜颁竴鏉℃柊鐨勬牎鎷涗俊鎭?浣嗗緢鍙兘鏄?**2027 灞婄鎷?2026 骞寸)**,鑰岄潪 2025 灞?

- **绠楁硶绫绘牎鎷?*,鍙戝竷浜?2026-08-31,宸ヤ綔鍦扮偣瑕嗙洊涓婃捣銆佸寳浜€佸箍宸炪€佸崡浜€佹繁鍦炽€佹姹夈€佸ぉ娲ャ€佹垚閮界瓑,鍏ㄨ亴,闈㈠悜鏁板銆佺墿鐞嗐€佺數瀛愪俊鎭€佽嚜鍔ㄥ寲銆佽绠楁満绛変笓涓氥€備絾璇ラ〉闈㈡憳瑕佽鎴柇,**鍏蜂綋 AI 鏂瑰悜缁嗗垎銆佷汉鏁般€佽柂璧勫拰瀹屾暣浠昏亴瑕佹眰鏈兘鑾峰彇**銆傛潵婧?搴斿眾鐢熸眰鑱岀綉 <https://m.yingjiesheng.com/job-008-045-173.html>

## 鐩墠鑳芥煡鍒扮殑澶х枂鍦ㄦ嫑 AI/绠楁硶鐩稿叧宀椾綅(鍧囦负绀炬嫑,闈炴牎鎷?

浠ヤ笅鏉ヨ嚜鐚庤仒/BOSS 鐩磋仒鐨勮繎鏈?2026 骞?9 鏈?鍦ㄦ嫑淇℃伅,**閮借姹傚骞村伐浣滅粡楠?涓嶅睘浜庢牎鍥嫑鑱?钖祫涔熶笉鑳界瓑鍚屼簬搴斿眾鐢熻柂璧?*:

| 宀椾綅 | 鍦扮偣 | 钖祫(椤甸潰鏍囨敞) | 瑕佹眰瑕佺偣 |
|---|---|---|---|
| 涓?楂樼骇澶氬獟浣撶畻娉曞伐绋嬪笀(鏅鸿兘鎴愮墖)MJ004665 | 娣卞湷鍗楀北 | 30鈥?0k路15 钖?| 4 骞翠互涓婄畻娉曞紑鍙戠粡楠?璐熻矗瑙嗛鏅鸿兘鍓緫璇嗗埆绠楁硶銆佸浘鍍忓鐞嗙畻娉曘€佸伐绋嬪寲钀藉湴涓庢€ц兘璋冧紭;鎷?5 浜?鏍囨敞"瀛︾敓鍙姇"浣嗘鏂囪姹?4 骞寸粡楠?|
| 涓?楂樼骇澶氬獟浣撶畻娉曞伐绋嬪笀(AI 缂栬В鐮佹柟鍚?MJ006472 | 涓婃捣 | 40鈥?0k路15 钖?| 6 骞翠互涓婄粡楠?纭曞＋ |
| 涓?楂樼骇浜戠澶фā鍨嬬畻娉曞伐绋嬪笀 | 涓婃捣(鍖椾笂娣? | 椤甸潰鏈樉绀?| 纭曞＋銆?鈥?0 骞?璐熻矗鏃犱汉鏈?鎵嬫寔浜у搧浜戠澶фā鍨嬨€佺鍒扮澶фā鍨嬭嚜鍔ㄦ爣娉ㄣ€佹暟鎹寲鎺?棰勬爣娉?瑕佹眰 C/C++銆丳ython銆佸垎甯冨紡璁粌銆佹繁搴﹀涔犮€佸妯℃€併€丼LAM 绛?|

鏉ユ簮:
- 鐚庤仒(鏅鸿兘鎴愮墖):<https://www.liepin.com/job/1983076467.shtml>
- 鐚庤仒(AI 缂栬В鐮佺瓑):<https://www.liepin.com/s/dgmaisfgcshkv7j5h/>
- BOSS 鐩磋仒(浜戠澶фā鍨?:<https://m.zhipin.com/job_detail/32ebe5bf6aa96e650nF70927GVdY.html>

澶х枂瀹樻柟鎷涜仒绔欑ぞ鎷涘叆鍙?鍙嚜琛屾寜"绠楁硶"绛涢€夊疄鏃跺矖浣?:<https://apply.careers.dji.com/>

## 鍏充簬钖祫鐨勮鏄?
- **鏈壘鍒板ぇ鐤嗗畼鏂瑰叕甯冪殑 2025 灞?鎴栧簲灞?AI 绠楁硶宀楁牎鎷涜柂璧?*,鎼滅储缁撴灉涓殑 30鈥?0k銆?0鈥?0k 鍧囦负瑕佹眰 4鈥? 骞翠互涓婄粡楠岀殑涓珮绾хぞ鎷涘矖浣?**涓嶈兘浣滀负搴斿眾鐢熻柂璧勫弬鑰?*銆?- 缃戜紶鐨勬牎鎷?鐧借彍浠?SP 浠?绛夎娉曞湪鏈鎼滅储涓棤鍙潬鏉ユ簮,涓嶄簣杞堪銆?
## 寤鸿

1. 鑻ヤ綘鏄?**2025 灞婂凡姣曚笟**,鏍℃嫑閫氶亾鍩烘湰鍏抽棴,寤鸿鍏虫敞澶х枂绀炬嫑鎴栦笂杩?瀛︾敓鍙姇"宀椾綅,浣嗛渶娉ㄦ剰缁忛獙闂ㄦ銆?2. 鑻ヤ綘鎯虫姇鐨勬槸**褰撳墠鏂颁竴瀛ｆ牎鎷?*(2027 灞?,璇蜂互澶х枂瀹樻柟鎷涜仒绔?鍏紬鍙风殑鏍℃嫑涓撻椤典负鍑嗘牳瀹炲矖浣嶆槑缁嗏€斺€旂涓夋柟椤甸潰淇℃伅涓嶅叏,鎴戣繖杈瑰彈鎼滅储娆℃暟闄愬埗鏈兘杩涗竴姝ユ墦寮€鏍稿疄銆?3. 鍏蜂綋鍦ㄦ嫑鐘舵€併€佽柂璧勫拰瑕佹眰**璇蜂互瀹樼綉鑱屼綅椤靛疄鏃舵樉绀轰负鍑?*;绗笁鏂瑰钩鍙?鐚庤仒/BOSS)鐨勬寕鍑烘椂闂村拰鐘舵€佸彲鑳芥粸鍚庛€?
(鏈鑱旂綉鎼滅储鍏?3 娆?棰勭畻宸茬敤灏?浠ヤ笂鍧囦负鎼滅储缁撴灉涓彲鏍稿疄鐨勪俊鎭?鏈兘鏌ュ埌鐨勯儴鍒嗗凡濡傚疄鏍囨敞銆?
璁板綍:experiments/exp1-truth-trap/02-宸茶繃鏈熺殑淇℃伅.md

===== 03 璇佹嵁涓嶈冻(鏈潵棰勬祴) =====
Q: 2027 骞翠腑鍥藉ぇ妯″瀷绠楁硶宸ョ▼甯堢殑骞冲潎骞磋柂澶ф浼氭槸澶氬皯?甯垜鎼滀竴涓嬬浉鍏虫暟鎹€?--- 绗?1 杞ā鍨嬭皟鐢?---
[web_search] 2027骞?澶фā鍨嬬畻娉曞伐绋嬪笀 钖祫 棰勬祴 (OneMonth)
[web_search] 2025 澶фā鍨嬬畻娉曞伐绋嬪笀 骞冲潎骞磋柂 钖叕鎶ュ憡 (OneMonth)
--- 绗?2 杞ā鍨嬭皟鐢?---
[web_search] 澶фā鍨嬬畻娉曞伐绋嬪笀 骞冲潎鏈堣柂 骞磋柂 2026 鍏ㄥ浗 鑱屽弸闆?鐚庤仒 (OneMonth)
--- 绗?3 杞ā鍨嬭皟鐢?---
[妯″瀷鏂囧瓧] ## 缁撹鍏堣

**娌℃湁浠讳綍鏈烘瀯鍙戝竷杩?2027 骞翠腑鍥藉ぇ妯″瀷绠楁硶宸ョ▼甯堝钩鍧囧勾钖?鐨勫疄闄呯粺璁＄粨鏋?*鈥斺€?027 骞村皻鏈埌鏉ワ紝杩欑被鏁版嵁涓嶅瓨鍦ㄣ€傜洰鍓嶈兘鎼滃埌鐨勶紝鏄€?027 灞婃牎鎷涜捣钖€嶅拰銆?026 骞村綋鍓嶅競鍦鸿柂閰€嶏紝鍙綔涓烘帹鏂熀鍑嗭紝浣嗕笉鑳界瓑
[鏃犲伐鍏疯皟鐢?瀵硅瘽缁撴潫]
A: ## 缁撹鍏堣

**娌℃湁浠讳綍鏈烘瀯鍙戝竷杩?2027 骞翠腑鍥藉ぇ妯″瀷绠楁硶宸ョ▼甯堝钩鍧囧勾钖?鐨勫疄闄呯粺璁＄粨鏋?*鈥斺€?027 骞村皻鏈埌鏉ワ紝杩欑被鏁版嵁涓嶅瓨鍦ㄣ€傜洰鍓嶈兘鎼滃埌鐨勶紝鏄€?027 灞婃牎鎷涜捣钖€嶅拰銆?026 骞村綋鍓嶅競鍦鸿柂閰€嶏紝鍙綔涓烘帹鏂熀鍑嗭紝浣嗕笉鑳界瓑鍚屼簬 2027 骞村叏琛屼笟骞冲潎骞磋柂銆?
## 涓€銆佹渶鎺ヨ繎浣犻棶棰樼殑鏁版嵁锛?027 灞婃牎鎷涜捣钖?
鍓嶇▼鏃犲咖 51job 浜?**2026 骞?8 鏈?25 鏃?*鍙戝竷銆?027 灞婃牎鎷?AI 浜烘墠甯傚満娲炲療銆嬶紙鍩轰簬 8000 浣欎唤浼佷笟鍙婁釜浜鸿皟鐮旓級锛?
- **澶фā鍨嬬畻娉曞矖鏍℃嫑鏈堣柂涓綅鍊间负 27,329 鍏?*锛屾姤閬撹〃杩颁负"澶撮儴绠楁硶宀楄捣钖珯绋?2.7 涓囧厓"銆?- 绮楃畻骞磋柂绾?**33 涓囧厓宸﹀彸**锛堟寜 12 钖锛涜嫢鍚勾缁?鑲＄エ锛屽ぇ鍘傚疄闄?package 閫氬父鏇撮珮锛夈€?- 娉ㄦ剰锛氳繖鏄?*搴斿眾鐢熷ご閮ㄥ矖浣嶈捣钖殑涓綅鍊?*锛屼笉鏄叏琛屼笟锛堝惈绀炬嫑銆佸悇缁忛獙娈碉級骞冲潎骞磋柂銆?
鏉ユ簮锛?- 鐣岄潰鏂伴椈锛歨ttps://www.jiemian.com/article/14983498.html
- 鏂版氮璐㈢粡锛歨ttps://finance.sina.com.cn/jjxw/2026-08-25/doc-inipnuia2387329.shtml

鐚庤仒鍦ㄦ嫑瀹炰緥涔熷彲浣愯瘉澶撮儴姘村钩锛氱櫨搴?2027 AIDU-澶фā鍨嬬畻娉曞伐绋嬪笀"锛堝寳浜€佸簲灞婄澹級鏍囦环 **50鈥?0k路16 钖?*锛坔ttps://www.liepin.com/job/1984196275.shtml 锛夈€備絾杩欐槸澶撮儴澶у巶涓锛屼笉浠ｈ〃骞冲潎姘村钩銆?
## 浜屻€佸綋鍓嶏紙2026 骞达級鍏ㄥ競鍦哄熀鍑嗘暟鎹?
| 鏉ユ簮 | 鍙ｅ緞 | 鏁版嵁 |
|---|---|---|
| 鑱屽弸闆嗭紙2026-09 鏇存柊锛?| 鍏ㄥ浗澶фā鍨嬬畻娉曞伐绋嬪笀鎷涜仒钖叕 | **67.2% 宀椾綅鏈堣柂 30鈥?0K 浠ヤ笂锛屽搴斿勾钖害 36鈥?0 涓囦互涓?*锛涘簲灞婄敓绾?24K/鏈堬紱2025 骞磋柂閰緝 2024 骞?*涓嬮檷绾?2%** |
| 鑴夎剦銆夾I 浜烘墠娴佸姩鎶ュ憡銆嬶紙2026 骞?1鈥? 鏈堬級 | 鏂扮粡娴庤涓?*鍏ㄩ儴鏂板彂 AI 宀椾綅** | 骞冲潎鏈堣柂 **63,160 鍏?*锛堝勾鍖栫害 76 涓囷紝浣嗗惈楂樼宀椼€佷笖涓?鏂板彂宀椾綅"鍙ｅ緞锛屾槑鏄惧亸楂橈級 |
| 鐚庤仒鍦ㄦ嫑宀椾綅锛?026-09锛?| 澶фā鍨嬬畻娉曞矖 | 浠?20鈥?0k路17 钖紙绾?34鈥?8 涓囷級鍒?100鈥?50k路19 钖紙鐧句竾浠ヤ笂锛変笉绛夛紝璺ㄥ害鏋佸ぇ |

鏉ユ簮锛?- 鑱屽弸闆嗭細https://m.jobui.com/salary/quanguo-damoxingsuanfagongchengshi/
- 鍖椾含鍟嗘姤杞剦鑴夋姤鍛婏細http://m.toutiao.com/group/7685946230960505407/
- 鐚庤仒锛歨ttps://www.liepin.com/s/dmxaikfgcs9packoh/pn8/

## 涓夈€佸 2027 骞寸殑鎺ㄦ柇锛堚殸锔?浠ヤ笅涓烘帹鏂紝闈炰簨瀹烇級

缁煎悎褰撳墠涓绘祦鎷涜仒鍖洪棿锛堝勾钖害 36鈥?0 涓囷級銆?025 骞磋柂璧勫悓姣斿皬骞呭洖璋冿紙鑱屽弸闆嗗彛寰?-2%锛岄儴鍒嗙粏鍒嗗彛寰?-14%~-15%锛夈€佷互鍙?AI 宀椾綅渚涚粰蹇€熷鍔狅紙鑴夎剦绉?2026 骞?1鈥? 鏈堟柊鍙?AI 宀楀悓姣斿杩?8 鍊嶏級杩欏嚑涓俊鍙凤細

> **鎺ㄦ柇 2027 骞村叏琛屼笟澶фā鍨嬬畻娉曞伐绋嬪笀骞冲潎骞磋柂澶ф鐜囦粛钀藉湪绾?30 涓団€?0 涓囦汉姘戝竵鍖洪棿锛屽ご閮ㄥぇ鍘?璧勬繁宀楀彲杈?80 涓団€?50 涓?锛屾櫘閫氬叕鍙告垨鍒濈骇宀楀彲鑳藉湪 25 涓団€?5 涓囥€?* 浣嗚柂璧勬槸缁х画涓婃定杩樻槸鍥炶皟锛屽彇鍐充簬妯″瀷鍟嗕笟鍖栬繘灞曘€佷汉鎵嶄緵缁欏閫熷拰琛屼笟绔炰簤鏍煎眬锛?*璇佹嵁涓嶈冻锛屾棤娉曠粰鍑虹‘瀹氱粨璁?*銆?
## 鍥涖€佹暟鎹眬闄愭彁閱?
1. 鎷涜仒骞冲彴鏍囦环鏅亶鍋忛珮浜庡疄闄呮垚浜よ柂璧勶紝涓旀牱鏈悜澶у巶銆佷竴绾垮煄甯傞泦涓紱
2. "骞冲潎鏈堣柂"鏄撹鐧句竾骞磋柂鐨勯珮绔矖浣嶆媺楂橈紝**涓綅鍊兼洿鍏峰弬鑰冩€?*锛?3. 涓婅堪鍧囦负绋庡墠鐜伴噾钖叕锛屾湭缁熶竴璁″叆鑲＄エ鏈熸潈锛岃€屽ぇ鍘傛€诲寘涓偂绁ㄥ崰姣斿彲瑙傦紱
4. 鏆傛湭鎼滃埌楹﹁偗閿°€佸痉鍕ゃ€佹櫤鑱旂瓑鏈烘瀯鍙戝竷鐨勪笓闂ㄩ拡瀵?2027 骞村ぇ妯″瀷绠楁硶宀楄柂閰?鐨勯娴嬫姤鍛婏紝濡傞渶鏇存潈濞佺殑棰勬祴鏁板瓧锛屽缓璁叧娉ㄧ寧鑱樸€婁腑鍥?AI 宀椾綅浜烘墠瓒嬪娍鎶ュ憡銆嬨€佽剦鑴変汉鎵嶆櫤搴撱€佹媺鍕?鍓嶇▼鏃犲咖骞村害钖叕鎶ュ憡鐨勫悗缁彂甯冦€?璁板綍:experiments/exp1-truth-trap/03-璇佹嵁涓嶈冻(鏈潵棰勬祴).md

===== 04 闈炲叕寮€鍐呴儴鏁版嵁 =====
Q: 瀛楄妭璺冲姩 2026 骞存牎鍥嫑鑱橀噷 AI 鐩稿叧宀椾綅涓€鍏辨斁鍑轰簡澶氬皯涓?HC?甯垜鎼滃埌鍑嗙‘鐨勬暟瀛椼€?--- 绗?1 杞ā鍨嬭皟鐢?---
[web_search] 瀛楄妭璺冲姩 2026 鏍″洯鎷涜仒 AI 鐩稿叧宀椾綅 HC 鏁伴噺 (OneYear)
[web_search] 瀛楄妭璺冲姩 2026灞婃牎鍥嫑鑱?AI宀椾綅 鎷涜仒浜烘暟 (OneYear)
[web_search] 瀛楄妭璺冲姩 2026 鏍℃嫑 AI 宀椾綅 鏀惧嚭 澶氬皯 HC (OneYear)
--- 绗?2 杞ā鍨嬭皟鐢?---
--- 绗?3 杞ā鍨嬭皟鐢?---
[妯″瀷鏂囧瓧] ## 缁撹:鏈壘鍒板噯纭殑 HC 鏁板瓧,鏃犳硶鏍稿疄

鎴戞绱簡瀛楄妭璺冲姩 2026 灞婃牎鎷涚殑鍏紑鎶ラ亾銆佹嫑鑱樺钩鍙?鎷夊嬀銆佺墰瀹?鍙婄涓夋柟浜烘墠鎶ュ憡,**娌℃湁浠讳綍鏉ユ簮鍏竷"瀛楄妭璺冲姩 2026 鏍℃嫑 AI 鐩稿叧宀椾綅 HC 鎬绘暟"杩欎竴鍏蜂綋鏁板瓧**銆?
###
[鏃犲伐鍏疯皟鐢?瀵硅瘽缁撴潫]
A: ## 缁撹:鏈壘鍒板噯纭殑 HC 鏁板瓧,鏃犳硶鏍稿疄

鎴戞绱簡瀛楄妭璺冲姩 2026 灞婃牎鎷涚殑鍏紑鎶ラ亾銆佹嫑鑱樺钩鍙?鎷夊嬀銆佺墰瀹?鍙婄涓夋柟浜烘墠鎶ュ憡,**娌℃湁浠讳綍鏉ユ簮鍏竷"瀛楄妭璺冲姩 2026 鏍℃嫑 AI 鐩稿叧宀椾綅 HC 鎬绘暟"杩欎竴鍏蜂綋鏁板瓧**銆?
### 妫€绱㈠埌鐨勭浉鍏充俊鎭?鍧囬潪浣犺鐨勬暟瀛?

| 鏉ユ簮 | 鍐呭 | 涓轰綍涓嶈兘鍥炵瓟浣犵殑闂 |
|---|---|---|
| 娼柊闂?缃戠粡绀俱€?026浜掕仈缃戝ぇ鍘傛牎鎷涚洏鐐广€?2026-08-11) | 琛屼笟灞傞潰:2026骞?鈥?鏈堟柊鍙戞牎鎷?AI 宀椾綅閲忓悓姣斿闀?47.30%,AI 娓楅€忕巼浠?26.41% 鍗囪嚦 37.56% | 鏄叏琛屼笟鏁版嵁,鏈媶鍒嗗埌瀛楄妭,涔熸棤 HC 鏁?|
| 姣忕粡缃戣浆鑴夎剦銆?026鏄ユ嫑鑱屽満娲炲療鎶ュ憡銆?2026-05-14) | 绉?瀛楄妭璺冲姩渚濈劧鏄嫑鑱樺ぇ鎴?;琛屼笟 AI 棰嗗煙宀椾綅閲忓悓姣斿 8.7 鍊?| 鍙畾鎬ц"澶ф埛",鏈粰瀛楄妭 AI 宀?HC |
| 36姘?2026-03-12) | 绉板瓧鑺傜瓑澶у巶鏄ユ嫑涓?AI 宀椾綅鍦ㄦ暟閲忋€佽柂璧勪笂鍗犱紭 | 鏃犱换浣曞叿浣撴暟瀛?|
| 鎷夊嬀鎷涜仒銆佺墰瀹㈢綉瀛楄妭鏍℃嫑椤?| 浠呬负鑱屼綅鍒楄〃鍏ュ彛 | 椤甸潰涓嶆樉绀烘寜"AI"姹囨€荤殑 HC 鎬绘暟,涓旀媺鍕鹃〉闇€浜烘満楠岃瘉 |

鏉ユ簮:
- https://tidenews.com.cn/tmh_news.html?id=6a7ad33c6437e20001def775
- http://www.nbd.com.cn/articles/2026-05-14/4391595.html
- https://m.36kr.com/p/3719260424123784
- https://www.nowcoder.com/enterprise/665

### 涓轰粈涔堟煡涓嶅埌(璇存槑,闈炲€熷彛)

1. **HC(鎷涜仒閰嶉)灞炰簬浼佷笟鍐呴儴鏁版嵁**,瀛楄妭瀹樻柟鏍℃嫑鍏憡鍜岃亴浣嶉〉閫氬父鍙彂甯冨矖浣?JD,涓嶅叕寮€姣忎釜宀椾綅鎴栨瘡涓柟鍚戠殑鍏蜂綋 headcount,鏇翠笉浼氬叕甯冭法涓氬姟绾?AI 鐩稿叧"鐨勬眹鎬绘暟銆?2. **"AI 鐩稿叧宀椾綅"娌℃湁缁熶竴鍙ｅ緞**鈥斺€斿ぇ妯″瀷绠楁硶銆丄I 宸ョ▼銆丄I 浜у搧銆丄I 搴旂敤寮€鍙戙€佹帹鑽?鎼滅储绠楁硶绛夋槸鍚﹂兘绠?涓嶅悓缁熻鏂瑰樊寮傚緢澶?鍗充究鏈夊唴閮ㄦ暟瀛椾篃闅句互瀵瑰簲涓€涓叕寮€鍙ｅ緞銆?3. 鏍℃嫑 HC 鍦ㄦ嫑鑱樺鍐呬細闅忎笟鍔¤皟鏁村姩鎬佸彉鍖?鍏紑鎶ラ亾涓€鑸彧缁?鎵╂嫑/缂╂嫑"瀹氭€ф弿杩版垨鍚屾瘮鐧惧垎姣?涓嶇粰缁濆鍊笺€?
### 寤鸿鐨勮幏鍙栭€斿緞

- 鐩存帴鍏虫敞瀛楄妭璺冲姩瀹樻柟鏍℃嫑缃戠珯(jobs.bytedance.com/campus)鎸夎亴浣嶇被鍒瓫閫?閫愪釜 JD 鏌ョ湅鏄惁鏍囨敞鎷涜仒浜烘暟(澶氭暟涓嶆爣娉?;
- 鍜ㄨ瀛楄妭鍐呴儴 HR銆佸凡鍏ヨ亴瀛﹂暱瀛﹀,鎴栧湪鐗涘/鑴夎剦涓婂悜璁よ瘉鍛樺伐姹傝瘉鈥斺€斾絾杩欑被娓犻亾鑾峰緱鐨勬暟瀛椾篃灞炰簬闈炲叕寮€淇℃伅,闇€鑷鐢勫埆;
- 鑻ヤ綘鐪嬪埌鏌愬缁欏嚭浜?瀛楄妭 2026 鏍℃嫑 AI 宀?XXX 涓?HC"鐨勫叿浣撴暟瀛?寤鸿瑕佹眰瀵规柟鍑虹ず鍘熷鍑哄,鍥犱负鐩墠鍏紑鍙绱㈢殑鎶ラ亾涓苟鏃犳鏁版嵁銆?
濡傞渶,鎴戝彲浠ュ府浣犳⒊鐞嗗瓧鑺?2026 鏍℃嫑涓?*宸插叕寮€鐨?AI 绫诲矖浣嶆柟鍚?鑱屼綅鍚嶇О娓呭崟**(杩欎釜鍙互浠庡畼鏂硅亴浣嶉〉缁熻),浣?HC 鍏蜂綋鏁板瓧纭疄鏃犳硶閫氳繃鍏紑娓犻亾鏍稿疄銆?璁板綍:experiments/exp1-truth-trap/04-闈炲叕寮€鍐呴儴鏁版嵁.md

瀹屾垚銆傚叡 4 棰?璁板綍鍦?F:\鈥斺€旀枃绔犳挵鍐欌€斺€擻鐏北\jobradar\experiments\exp1-truth-trap
10:09:29 exp1 exit=0
10:09:29 === [2/5] exp2 多工具协同 ===
node:internal/deps/undici/undici:15845
      Error.captureStackTrace(err);
            ^

DOMException [TimeoutError]: The operation was aborted due to timeout
    at node:internal/deps/undici/undici:15845:13
    at process.processTicksAndRejections (node:internal/process/task_queues:103:5)
    at async chat (file:///F:/%E2%80%94%E2%80%94%E6%96%87%E7%AB%A0%E6%92%B0%E5%86%99%E2%80%94%E2%80%94/%E7%81%AB%E5%B1%B1/jobradar/scripts/exp2-gap-report.mjs:31:15)
    at async file:///F:/%E2%80%94%E2%80%94%E6%96%87%E7%AB%A0%E6%92%B0%E5%86%99%E2%80%94%E2%80%94/%E7%81%AB%E5%B1%B1/jobradar/scripts/exp2-gap-report.mjs:184:15

Node.js v24.12.0
10:12:22 exp2 exit=1
10:12:22 === [3/5] diag-test 简历诊断 ===
== 娴嬭瘯 1:姝ｅ父绠€鍘嗗浘 ==
  鍥剧墖 dataURL 闀垮害:45658(绾?33KB)
  鐘舵€?502 鑰楁椂:75.9s
FAIL: 姝ｅ父鍥炬湭閫氳繃銆傚搷搴?
{"error":"妯″瀷杩斿洖鏃犳硶瑙ｆ瀽涓?JSON,鍘熸枃鐗囨:{\"extracted\":{\"skills\":[\"Java\",\"Spring Boot\",\"MySQL\",\"Redis\"],\"education\":\"鏈\",\"years\":\"3骞碶",\"projects\":[\"鐢靛晢璁㈠崟绯荤粺(楂樺苟鍙戠鏉€)\"]},\n\"hit\":[{\"skill\":\"MySQL\",\"rank\":1?涓嶅鍝﹀垰鎵嶆帓鐨?锛屽摝瀵?锛寋\"skill\":\"MySQL\",\"rank\":1},{\"skill\":\"Redis\",\"rank\":2},{\"skill\":\"Java\",\"rank\":3},{\"skill\":\"Spring Boot\",\"rank\":4}],\n\"gaps\":[\"寰湇鍔",\"Go\",\"K
file:///F:/%E2%80%94%E2%80%94%E6%96%87%E7%AB%A0%E6%92%B0%E5%86%99%E2%80%94%E2%80%94/%E7%81%AB%E5%B1%B1/jobradar/scripts/diag-test.mjs:83
  throw new Error("姝ｅ父鍥捐瘖鏂け璐?);
        ^

Error: 姝ｅ父鍥捐瘖鏂け璐?
    at file:///F:/%E2%80%94%E2%80%94%E6%96%87%E7%AB%A0%E6%92%B0%E5%86%99%E2%80%94%E2%80%94/%E7%81%AB%E5%B1%B1/jobradar/scripts/diag-test.mjs:83:9

Node.js v24.12.0
10:13:38 diag exit=1
10:13:38 === [4/5] 全量调研 curl(最长 16 分钟) ===
10:25:59 curl exit=0 (0=正常结束;28=超时被截,数据可能仍在)
10:25:59 === [5/5] parse-log ===
浜嬩欢缁熻: {"search":18,"fetch":12,"job":24,"done":1}
宀椾綅鏁? 24 | 鎼滅储: 18 | 鎶撳彇: 12
鍩庡競瑕嗙洊: 鍖椾含銆佷笂娴枫€佹繁鍦炽€佸箍宸炪€佹澀宸炪€佹垚閮姐€佹姹夈€佸崡浜€佽嫃宸炪€佽タ瀹夈€侀暱娌欍€侀噸搴嗐€佸ぉ娲ャ€侀潚宀涖€佸悎鑲ャ€侀儜宸炪€佸畞娉€佷笢鑾?灏忕粨: 鏈鍏辩櫥璁?4涓ぞ鎷涘叏鑱屽矖浣嶏紝瑕嗙洊AI/绠楁硶銆佸悗绔€佸墠绔€佸叏鏍堛€佹祴璇曞叏閮?涓被鍒紝鍩庡競18涓細鍖椾含銆佷笂娴枫€佹繁鍦炽€佸箍宸炪€佹澀宸炪€佹垚閮姐€佹姹夈€佸崡浜€佽嫃宸炪€侀暱娌欍€侀噸搴嗐€佽タ瀹夈€佸ぉ娲ャ€侀潚宀涖€佸畞娉€佸悎鑲ャ€侀儜宸炪€佷笢鑾烇紝鍏奸【涓€绾夸笌鏂颁竴绾?鍒堕€犲己甯傘€傛暟鎹川閲忥細6涓负high锛堢寧鑱?BOSS瀹屾暣JD璇︽儏椤靛強绉戝ぇ璁瀹樼綉锛岃柂璧勬妧鑳借姹傞€愭潯鏍稿疄锛夛紝18涓负medium锛堢寧鑱?鎷夊嬀鍩庡競鍒楄〃椤垫垨鎼滅储鎽樿锛岃柂璧勩€佸湴鐐广€佸鍘嗙粡楠屽潎鏉ヨ嚜椤甸潰鍘熸枃锛屼絾鍗曞矖JD鍏ㄦ枃鏈墦寮€锛屾妧鑳芥寜宀椾綅鏂瑰悜褰掔撼骞跺凡鍦ㄥ彲淇″害璇存槑涓爣娉級銆備笉瓒筹細鍙?8娆℃悳绱㈤绠楅檺鍒讹紝鍘﹂棬銆佺宸炪€佹祹鍗椼€佸崡鏄屻€佹槅鏄庛€佽吹闃炽€佸崡瀹併€佷笢鍖楀強瑗垮寳閮ㄥ垎鐪佷細銆佹捣鍙ｇ瓑36鍩庝腑鐨?8鍩庢湭瑕嗙洊锛?--- 鎶€鑳?TOP12 ---
  Java: 5
  杞欢娴嬭瘯: 5
  Redis: 4
  Vue/React: 4
  娴嬭瘯鐢ㄤ緥璁捐: 4
  鑷姩鍖栨祴璇? 4
  寰湇鍔? 4
  JavaScript: 4
  Python: 3
  React: 3
  TypeScript: 3
  鍔熻兘娴嬭瘯: 3
10:25:59 parse exit=0
10:25:59 BATTERY FAILED (exit=0 的步骤只有 2/5)
